[debug] [2026-09-25T10:22:24.815Z] ----------------------------------------------------------------------
[debug] [2026-09-25T10:22:24.817Z] Command:       C:\Program Files\nodejs\node.exe C:\Users\yendu\AppData\Roaming\npm\node_modules\firebase-tools\lib\bin\firebase.js init hosting
[debug] [2026-09-25T10:22:24.818Z] CLI Version:   15.31.0
[debug] [2026-09-25T10:22:24.818Z] Platform:      win32
[debug] [2026-09-25T10:22:24.818Z] Node Version:  v24.13.0
[debug] [2026-09-25T10:22:24.818Z] Detected Agent: unknown
[debug] [2026-09-25T10:22:24.818Z] Time:          Fri Sep 25 2026 15:52:24 GMT+0530 (India Standard Time)
[debug] [2026-09-25T10:22:24.818Z] ----------------------------------------------------------------------
[debug] 
[info] 
     ######## #### ########  ######## ########     ###     ######  ########
     ##        ##  ##     ## ##       ##     ##  ##   ##  ##       ##
     ######    ##  ########  ######   ########  #########  ######  ######
     ##        ##  ##    ##  ##       ##     ## ##     ##       ## ##
     ##       #### ##     ## ######## ########  ##     ##  ######  ########

You're about to initialize a Firebase project in this directory:

  C:\Users\yendu\OneDrive\Desktop

Before we get started, keep in mind:

  * You are initializing within an existing Firebase project directory

[info] 
=== Project Setup
[info] 
[info] First, let's associate this project directory with a Firebase project.
[info] You can create multiple project aliases by running firebase use --add, 
[info] 
[debug] [2026-09-25T10:22:53.899Z] > command requires scopes: ["email","openid","https://www.googleapis.com/auth/cloudplatformprojects.readonly","https://www.googleapis.com/auth/firebase","https://www.googleapis.com/auth/cloud-platform"]
[debug] [2026-09-25T10:22:53.899Z] > authorizing via signed-in user (akshara.csap1@gmail.com)
[debug] [2026-09-25T10:22:53.909Z] Checked if tokens are valid: true, expires at: 1790334925142
[debug] [2026-09-25T10:22:53.909Z] Checked if tokens are valid: true, expires at: 1790334925142
[debug] [2026-09-25T10:22:53.910Z] >>> [apiv2][query] GET https://firebase.googleapis.com/v1beta1/projects/mawaesu-toknowyou [none]
[debug] [2026-09-25T10:22:54.650Z] <<< [apiv2][status] GET https://firebase.googleapis.com/v1beta1/projects/mawaesu-toknowyou 200
[debug] [2026-09-25T10:22:54.651Z] <<< [apiv2][body] GET https://firebase.googleapis.com/v1beta1/projects/mawaesu-toknowyou {"projectId":"mawaesu-toknowyou","projectNumber":"51086060988","displayName":"MAWAESU","name":"projects/mawaesu-toknowyou","resources":{"hostingSite":"mawaesu-toknowyou"},"state":"ACTIVE","labels":{"firebase":"enabled"},"etag":"1_5afa7908-d9c2-4c5a-9340-e9293da23fcd"}
[info] i  Using project mawaesu-toknowyou (MAWAESU) . 
[info] 
=== Hosting Setup
[debug] [2026-09-25T10:22:54.672Z] Checked if tokens are valid: true, expires at: 1790334925142
[debug] [2026-09-25T10:22:54.672Z] Checked if tokens are valid: true, expires at: 1790334925142
[debug] [2026-09-25T10:22:54.672Z] >>> [apiv2][query] GET https://firebase.googleapis.com/v1beta1/projects/mawaesu-toknowyou [none]
[debug] [2026-09-25T10:22:55.328Z] <<< [apiv2][status] GET https://firebase.googleapis.com/v1beta1/projects/mawaesu-toknowyou 200
[debug] [2026-09-25T10:22:55.328Z] <<< [apiv2][body] GET https://firebase.googleapis.com/v1beta1/projects/mawaesu-toknowyou {"projectId":"mawaesu-toknowyou","projectNumber":"51086060988","displayName":"MAWAESU","name":"projects/mawaesu-toknowyou","resources":{"hostingSite":"mawaesu-toknowyou"},"state":"ACTIVE","labels":{"firebase":"enabled"},"etag":"1_5afa7908-d9c2-4c5a-9340-e9293da23fcd"}
[info] 
[info] Your public directory is the folder (relative to your project directory) that
[info] will contain Hosting assets to be uploaded with firebase deploy. If you
[info] have a build process for your assets, use your build's output directory.
[info] 
[info] 
[info] i  Didn't detect a .git folder. Assuming C:\Users\yendu\OneDrive\Desktop\MAWAESU-TKY-main is the project root. 
[info] i  Authorizing with GitHub to upload your service account to a GitHub repository's secrets store. 
[info] 
[info] Visit this URL on this device to log in:
[info] https://github.com/login/oauth/authorize?client_id=89cf50f02ac6aaed3484&state=64488909&redirect_uri=http%3A%2F%2Flocalhost%3A9005&scope=read%3Auser%20repo%20public_repo
[info] 
[info] Waiting for authentication...
[debug] [2026-09-25T10:24:13.560Z] >>> [apiv2][query] POST https://github.com/login/oauth/access_token [none]
[debug] [2026-09-25T10:24:13.560Z] >>> [apiv2][body] POST https://github.com/login/oauth/access_token [stream]
[debug] [2026-09-25T10:24:15.087Z] <<< [apiv2][status] POST https://github.com/login/oauth/access_token 200
[debug] [2026-09-25T10:24:15.087Z] <<< [apiv2][body] POST https://github.com/login/oauth/access_token {"access_token":"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","token_type":"bearer","scope":"read:user,repo"}
[debug] [2026-09-25T10:24:15.100Z] >>> [apiv2][query] GET https://api.github.com/user [none]
[debug] [2026-09-25T10:24:15.609Z] <<< [apiv2][status] GET https://api.github.com/user 200
[debug] [2026-09-25T10:24:15.609Z] <<< [apiv2][body] GET https://api.github.com/user {"login":"aksharacsap1","id":241740199,"node_id":"U_kgDODmippw","avatar_url":"https://avatars.githubusercontent.com/u/241740199?v=4","gravatar_id":"","url":"https://api.github.com/users/aksharacsap1","html_url":"https://github.com/aksharacsap1","followers_url":"https://api.github.com/users/aksharacsap1/followers","following_url":"https://api.github.com/users/aksharacsap1/following{/other_user}","gists_url":"https://api.github.com/users/aksharacsap1/gists{/gist_id}","starred_url":"https://api.github.com/users/aksharacsap1/starred{/owner}{/repo}","subscriptions_url":"https://api.github.com/users/aksharacsap1/subscriptions","organizations_url":"https://api.github.com/users/aksharacsap1/orgs","repos_url":"https://api.github.com/users/aksharacsap1/repos","events_url":"https://api.github.com/users/aksharacsap1/events{/privacy}","received_events_url":"https://api.github.com/users/aksharacsap1/received_events","type":"User","user_view_type":"private","site_admin":false,"name":null,"company":null,"blog":"","location":null,"email":null,"hireable":null,"bio":null,"twitter_username":null,"notification_email":null,"public_repos":5,"public_gists":0,"followers":0,"following":0,"created_at":"2025-11-03T11:07:54Z","updated_at":"2025-11-09T06:22:55Z","private_gists":0,"total_private_repos":0,"owned_private_repos":0,"disk_usage":502,"collaborators":0,"two_factor_authentication":false,"plan":{"name":"free","space":976562499,"collaborators":0,"private_repos":10000}}
[info] 
[info] +  Success! Logged into GitHub as aksharacsap1 
[info] 
